../Core/Src/main.c:125:6:readByte	24	static
../Core/Src/main.c:132:6:writeByte	24	static
../Core/Src/main.c:138:6:gyroStart	8	static
../Core/Src/main.c:145:6:gyroInit	8	static
../Core/Src/main.c:173:5:main	48	static
../Core/Src/main.c:288:6:SystemClock_Config	88	static
../Core/Src/main.c:330:13:MX_I2C1_Init	8	static
../Core/Src/main.c:364:13:MX_TIM1_Init	96	static
../Core/Src/main.c:438:13:MX_TIM2_Init	56	static
../Core/Src/main.c:487:13:MX_TIM3_Init	56	static
../Core/Src/main.c:536:13:MX_TIM8_Init	96	static
../Core/Src/main.c:618:13:MX_USART3_UART_Init	8	static
../Core/Src/main.c:651:13:MX_GPIO_Init	48	static
../Core/Src/main.c:724:6:HAL_UART_RxCpltCallback	16	static
../Core/Src/main.c:744:6:StartDefaultTask	16	static
../Core/Src/main.c:771:6:motor	40	static
../Core/Src/main.c:942:6:encoder_task	88	static
../Core/Src/main.c:1063:6:forward	88	static
../Core/Src/main.c:1110:6:forward1	88	static
../Core/Src/main.c:1158:6:stop	16	static
../Core/Src/main.c:1175:6:reverse	48	static
../Core/Src/main.c:1220:6:reverse1	48	static
../Core/Src/main.c:1266:6:center	8	static
../Core/Src/main.c:1274:6:Left	16	static
../Core/Src/main.c:1303:6:back_Left	16	static
../Core/Src/main.c:1330:6:fullLeft	8	static
../Core/Src/main.c:1337:6:halfLeft	8	static
../Core/Src/main.c:1344:6:Right	16	static
../Core/Src/main.c:1368:6:back_Right	16	static
../Core/Src/main.c:1395:6:fullRight	8	static
../Core/Src/main.c:1402:6:halfRight	8	static
../Core/Src/main.c:1416:6:show	56	static
../Core/Src/main.c:1450:6:GyroTask	56	static
../Core/Src/main.c:1509:6:Error_Handler	4	static,ignoring_inline_asm
