../Core/Src/main.c:2335:6:Ultrasound	8	static
../Core/Src/main.c:908:6:StartDefaultTask	8	static
../Core/Src/main.c:1193:6:encoder_task	32	static
../Core/Src/main.c:2158:6:show	8	static
../Core/Src/main.c:146:6:readByte	24	static
../Core/Src/main.c:153:6:writeByte	16	static
../Core/Src/main.c:159:6:gyroStart	8	static
../Core/Src/main.c:166:6:gyroInit	8	static
../Core/Src/main.c:2228:6:GyroTask	80	static
../Core/Src/main.c:297:6:SystemClock_Config	88	static,ignoring_inline_asm
../Core/Src/main.c:194:5:main	120	static,ignoring_inline_asm
../Core/Src/main.c:888:6:HAL_UART_RxCpltCallback	0	static
../Core/Src/main.c:1314:6:usDelay	0	static
../Core/Src/main.c:1320:6:Wheelangle	0	static
../Core/Src/main.c:1486:6:stop	24	static
../Core/Src/main.c:1515:6:stop1	16	static
../Core/Src/main.c:1342:6:forward	64	static
../Core/Src/main.c:1420:6:forward1	48	static
../Core/Src/main.c:1535:6:reverse	48	static
../Core/Src/main.c:1584:6:reverse1	48	static
../Core/Src/main.c:1634:6:center	8	static
../Core/Src/main.c:1642:6:Left	32	static
../Core/Src/main.c:1671:6:back_Left	32	static
../Core/Src/main.c:1698:6:fullLeft	40	static
../Core/Src/main.c:1758:6:halfLeft	56	static
../Core/Src/main.c:1858:6:Right	32	static
../Core/Src/main.c:1882:6:back_Right	32	static
../Core/Src/main.c:1909:6:fullRight	40	static
../Core/Src/main.c:1970:6:halfRight	56	static
../Core/Src/main.c:935:6:motor	56	static
../Core/Src/main.c:2076:5:binToVolt	8	static
../Core/Src/main.c:2082:6:setAverageVolt	0	static
../Core/Src/main.c:2086:6:resetAverageVolt	0	static
../Core/Src/main.c:2091:5:needToCorrect	16	static
../Core/Src/main.c:2109:6:moveWheel	8	static
../Core/Src/main.c:2128:6:correctiveMovement	24	static
../Core/Src/main.c:2350:6:Error_Handler	0	static,ignoring_inline_asm
