../Core/Src/stm32f4xx_hal_msp.c:65:6:HAL_MspInit	8	static
../Core/Src/stm32f4xx_hal_msp.c:89:6:HAL_ADC_MspInit	56	static
../Core/Src/stm32f4xx_hal_msp.c:151:6:HAL_ADC_MspDeInit	8	static
../Core/Src/stm32f4xx_hal_msp.c:200:6:HAL_I2C_MspInit	48	static
../Core/Src/stm32f4xx_hal_msp.c:236:6:HAL_I2C_MspDeInit	8	static
../Core/Src/stm32f4xx_hal_msp.c:267:6:HAL_TIM_Base_MspInit	48	static
../Core/Src/stm32f4xx_hal_msp.c:326:6:HAL_TIM_Encoder_MspInit	56	static
../Core/Src/stm32f4xx_hal_msp.c:388:6:HAL_TIM_MspPostInit	32	static
../Core/Src/stm32f4xx_hal_msp.c:420:6:HAL_TIM_Base_MspDeInit	0	static
../Core/Src/stm32f4xx_hal_msp.c:472:6:HAL_TIM_Encoder_MspDeInit	8	static
../Core/Src/stm32f4xx_hal_msp.c:521:6:HAL_UART_MspInit	40	static
../Core/Src/stm32f4xx_hal_msp.c:560:6:HAL_UART_MspDeInit	8	static
